// Jest Snapshot v1, https://goo.gl/fbAQLP

exports[`renders without crashing 1`] = `
<div
  className="data-list-container"
>
  <div
    className="data-list"
    style={
      Object {
        "gridTemplateColumns": "repeat(2, auto)",
      }
    }
  >
    <div
      className="data-list-column"
      key="Test Label"
      style={
        Object {
          "backgroundColor": "purple",
          "borderLeft": "",
          "borderRadius": "3px 0 0 3px",
        }
      }
    >
      Test Label
    </div>
    <div
      className="data-list-column"
      key="Test Label 2"
      style={
        Object {
          "backgroundColor": "purple",
        }
      }
    >
      Test Label 2
    </div>
    <a
      className=""
      href="#"
      key="1"
      onClick={[Function]}
      onMouseEnter={[Function]}
      onMouseLeave={[Function]}
      style={
        Object {
          "borderLeft": "",
          "borderRadius": "3px 0 0 3px",
        }
      }
    >
      123423445
    </a>
    <a
      className=""
      href="#"
      key="2"
      onClick={[Function]}
      onMouseEnter={[Function]}
      onMouseLeave={[Function]}
    >
      <div>
         hello test 2 
      </div>
    </a>
    <a
      className=""
      href="#"
      key="3"
      onClick={[Function]}
      onMouseEnter={[Function]}
      onMouseLeave={[Function]}
      style={
        Object {
          "borderLeft": "",
          "borderRadius": "3px 0 0 3px",
        }
      }
    >
      123423445
    </a>
    <a
      className=""
      href="#"
      key="4"
      onClick={[Function]}
      onMouseEnter={[Function]}
      onMouseLeave={[Function]}
    >
      <div>
         hello test 2 
      </div>
    </a>
    <a
      className=""
      href="#"
      key="5"
      onClick={[Function]}
      onMouseEnter={[Function]}
      onMouseLeave={[Function]}
      style={
        Object {
          "borderLeft": "",
          "borderRadius": "3px 0 0 3px",
        }
      }
    >
      123423445
    </a>
    <a
      className=""
      href="#"
      key="6"
      onClick={[Function]}
      onMouseEnter={[Function]}
      onMouseLeave={[Function]}
    >
      <div>
         hello test 2 
      </div>
    </a>
    <a
      className=""
      href="#"
      key="7"
      onClick={[Function]}
      onMouseEnter={[Function]}
      onMouseLeave={[Function]}
      style={
        Object {
          "borderLeft": "",
          "borderRadius": "3px 0 0 3px",
        }
      }
    >
      123423445
    </a>
    <a
      className=""
      href="#"
      key="8"
      onClick={[Function]}
      onMouseEnter={[Function]}
      onMouseLeave={[Function]}
    >
      <div>
         hello test 2 
      </div>
    </a>
    <a
      className=""
      href="#"
      key="9"
      onClick={[Function]}
      onMouseEnter={[Function]}
      onMouseLeave={[Function]}
      style={
        Object {
          "borderLeft": "",
          "borderRadius": "3px 0 0 3px",
        }
      }
    >
      123423445
    </a>
    <a
      className=""
      href="#"
      key="10"
      onClick={[Function]}
      onMouseEnter={[Function]}
      onMouseLeave={[Function]}
    >
      <div>
         hello test 2 
      </div>
    </a>
  </div>
</div>
`;
